info: Microsoft.EntityFrameworkCore.Database.Command[20101]
      Executed DbCommand (32ms) [Parameters=[], CommandType='Text', CommandTimeout='30']
      SELECT 1
info: Microsoft.EntityFrameworkCore.Migrations[20411]
      Acquiring an exclusive lock for migration application. See https://aka.ms/efcore-docs-migrations-lock for more information if this takes too long.
info: Microsoft.EntityFrameworkCore.Database.Command[20101]
      Executed DbCommand (31ms) [Parameters=[], CommandType='Text', CommandTimeout='30']
      DECLARE @result int;
      EXEC @result = sp_getapplock @Resource = '__EFMigrationsLock', @LockOwner = 'Session', @LockMode = 'Exclusive';
      SELECT @result
info: Microsoft.EntityFrameworkCore.Database.Command[20101]
      Executed DbCommand (3ms) [Parameters=[], CommandType='Text', CommandTimeout='30']
      IF OBJECT_ID(N'[__EFMigrationsHistory]') IS NULL
      BEGIN
          CREATE TABLE [__EFMigrationsHistory] (
              [MigrationId] nvarchar(150) NOT NULL,
              [ProductVersion] nvarchar(32) NOT NULL,
              CONSTRAINT [PK___EFMigrationsHistory] PRIMARY KEY ([MigrationId])
          );
      END;
info: Microsoft.EntityFrameworkCore.Database.Command[20101]
      Executed DbCommand (1ms) [Parameters=[], CommandType='Text', CommandTimeout='30']
      SELECT 1
info: Microsoft.EntityFrameworkCore.Database.Command[20101]
      Executed DbCommand (1ms) [Parameters=[], CommandType='Text', CommandTimeout='30']
      SELECT OBJECT_ID(N'[__EFMigrationsHistory]');
info: Microsoft.EntityFrameworkCore.Database.Command[20101]
      Executed DbCommand (3ms) [Parameters=[], CommandType='Text', CommandTimeout='30']
      SELECT [MigrationId], [ProductVersion]
      FROM [__EFMigrationsHistory]
      ORDER BY [MigrationId];
info: Microsoft.EntityFrameworkCore.Migrations[20405]
      No migrations were applied. The database is already up to date.
info: Microsoft.EntityFrameworkCore.Database.Command[20101]
      Executed DbCommand (4ms) [Parameters=[], CommandType='Text', CommandTimeout='30']
      DECLARE @result int;
      EXEC @result = sp_releaseapplock @Resource = '__EFMigrationsLock', @LockOwner = 'Session';
      SELECT @result
info: Microsoft.EntityFrameworkCore.Database.Command[20101]
      Executed DbCommand (21ms) [Parameters=[@normalizedName='?' (Size = 256)], CommandType='Text', CommandTimeout='30']
      SELECT TOP(1) [a].[Id], [a].[ConcurrencyStamp], [a].[Name], [a].[NormalizedName]
      FROM [AspNetRoles] AS [a]
      WHERE [a].[NormalizedName] = @normalizedName
info: Microsoft.EntityFrameworkCore.Database.Command[20101]
      Executed DbCommand (1ms) [Parameters=[@normalizedName='?' (Size = 256)], CommandType='Text', CommandTimeout='30']
      SELECT TOP(1) [a].[Id], [a].[ConcurrencyStamp], [a].[Name], [a].[NormalizedName]
      FROM [AspNetRoles] AS [a]
      WHERE [a].[NormalizedName] = @normalizedName
info: Microsoft.EntityFrameworkCore.Database.Command[20101]
      Executed DbCommand (1ms) [Parameters=[@normalizedName='?' (Size = 256)], CommandType='Text', CommandTimeout='30']
      SELECT TOP(1) [a].[Id], [a].[ConcurrencyStamp], [a].[Name], [a].[NormalizedName]
      FROM [AspNetRoles] AS [a]
      WHERE [a].[NormalizedName] = @normalizedName
info: Microsoft.EntityFrameworkCore.Database.Command[20101]
      Executed DbCommand (1ms) [Parameters=[@normalizedName='?' (Size = 256)], CommandType='Text', CommandTimeout='30']
      SELECT TOP(1) [a].[Id], [a].[ConcurrencyStamp], [a].[Name], [a].[NormalizedName]
      FROM [AspNetRoles] AS [a]
      WHERE [a].[NormalizedName] = @normalizedName
info: Microsoft.EntityFrameworkCore.Database.Command[20101]
      Executed DbCommand (1ms) [Parameters=[@normalizedName='?' (Size = 256)], CommandType='Text', CommandTimeout='30']
      SELECT TOP(1) [a].[Id], [a].[ConcurrencyStamp], [a].[Name], [a].[NormalizedName]
      FROM [AspNetRoles] AS [a]
      WHERE [a].[NormalizedName] = @normalizedName
info: Microsoft.EntityFrameworkCore.Database.Command[20101]
      Executed DbCommand (4ms) [Parameters=[], CommandType='Text', CommandTimeout='30']
      SELECT CASE
          WHEN EXISTS (
              SELECT 1
              FROM [Platforms] AS [p]) THEN CAST(1 AS bit)
          ELSE CAST(0 AS bit)
      END
info: Microsoft.EntityFrameworkCore.Database.Command[20101]
      Executed DbCommand (7ms) [Parameters=[], CommandType='Text', CommandTimeout='30']
      SELECT [s].[Id], [s].[Code], [s].[Name], [s].[TerritoryId], [t].[Id], [t].[CountryId], [t].[Name], [c].[Id], [c].[Code], [c].[Name], [c].[PlatformId]
      FROM [Sites] AS [s]
      INNER JOIN [Territories] AS [t] ON [s].[TerritoryId] = [t].[Id]
      INNER JOIN [Countries] AS [c] ON [t].[CountryId] = [c].[Id]
info: Microsoft.EntityFrameworkCore.Database.Command[20101]
      Executed DbCommand (7ms) [Parameters=[@normalizedEmail='?' (Size = 256)], CommandType='Text', CommandTimeout='30']
      SELECT TOP(2) [a].[Id], [a].[AccessFailedCount], [a].[ConcurrencyStamp], [a].[CountryId], [a].[DisplayName], [a].[Email], [a].[EmailConfirmed], [a].[IsActive], [a].[LockoutEnabled], [a].[LockoutEnd], [a].[NormalizedEmail], [a].[NormalizedUserName], [a].[PasswordHash], [a].[PhoneNumber], [a].[PhoneNumberConfirmed], [a].[SecurityStamp], [a].[SiteId], [a].[TerritoryId], [a].[TwoFactorEnabled], [a].[UserName]
      FROM [AspNetUsers] AS [a]
      WHERE [a].[NormalizedEmail] = @normalizedEmail
info: Microsoft.EntityFrameworkCore.Database.Command[20101]
      Executed DbCommand (1ms) [Parameters=[@normalizedEmail='?' (Size = 256)], CommandType='Text', CommandTimeout='30']
      SELECT TOP(2) [a].[Id], [a].[AccessFailedCount], [a].[ConcurrencyStamp], [a].[CountryId], [a].[DisplayName], [a].[Email], [a].[EmailConfirmed], [a].[IsActive], [a].[LockoutEnabled], [a].[LockoutEnd], [a].[NormalizedEmail], [a].[NormalizedUserName], [a].[PasswordHash], [a].[PhoneNumber], [a].[PhoneNumberConfirmed], [a].[SecurityStamp], [a].[SiteId], [a].[TerritoryId], [a].[TwoFactorEnabled], [a].[UserName]
      FROM [AspNetUsers] AS [a]
      WHERE [a].[NormalizedEmail] = @normalizedEmail
info: Microsoft.EntityFrameworkCore.Database.Command[20101]
      Executed DbCommand (2ms) [Parameters=[@normalizedEmail='?' (Size = 256)], CommandType='Text', CommandTimeout='30']
      SELECT TOP(2) [a].[Id], [a].[AccessFailedCount], [a].[ConcurrencyStamp], [a].[CountryId], [a].[DisplayName], [a].[Email], [a].[EmailConfirmed], [a].[IsActive], [a].[LockoutEnabled], [a].[LockoutEnd], [a].[NormalizedEmail], [a].[NormalizedUserName], [a].[PasswordHash], [a].[PhoneNumber], [a].[PhoneNumberConfirmed], [a].[SecurityStamp], [a].[SiteId], [a].[TerritoryId], [a].[TwoFactorEnabled], [a].[UserName]
      FROM [AspNetUsers] AS [a]
      WHERE [a].[NormalizedEmail] = @normalizedEmail
info: Microsoft.EntityFrameworkCore.Database.Command[20101]
      Executed DbCommand (1ms) [Parameters=[@normalizedEmail='?' (Size = 256)], CommandType='Text', CommandTimeout='30']
      SELECT TOP(2) [a].[Id], [a].[AccessFailedCount], [a].[ConcurrencyStamp], [a].[CountryId], [a].[DisplayName], [a].[Email], [a].[EmailConfirmed], [a].[IsActive], [a].[LockoutEnabled], [a].[LockoutEnd], [a].[NormalizedEmail], [a].[NormalizedUserName], [a].[PasswordHash], [a].[PhoneNumber], [a].[PhoneNumberConfirmed], [a].[SecurityStamp], [a].[SiteId], [a].[TerritoryId], [a].[TwoFactorEnabled], [a].[UserName]
      FROM [AspNetUsers] AS [a]
      WHERE [a].[NormalizedEmail] = @normalizedEmail
info: Microsoft.EntityFrameworkCore.Database.Command[20101]
      Executed DbCommand (1ms) [Parameters=[@normalizedEmail='?' (Size = 256)], CommandType='Text', CommandTimeout='30']
      SELECT TOP(2) [a].[Id], [a].[AccessFailedCount], [a].[ConcurrencyStamp], [a].[CountryId], [a].[DisplayName], [a].[Email], [a].[EmailConfirmed], [a].[IsActive], [a].[LockoutEnabled], [a].[LockoutEnd], [a].[NormalizedEmail], [a].[NormalizedUserName], [a].[PasswordHash], [a].[PhoneNumber], [a].[PhoneNumberConfirmed], [a].[SecurityStamp], [a].[SiteId], [a].[TerritoryId], [a].[TwoFactorEnabled], [a].[UserName]
      FROM [AspNetUsers] AS [a]
      WHERE [a].[NormalizedEmail] = @normalizedEmail
info: Microsoft.EntityFrameworkCore.Database.Command[20101]
      Executed DbCommand (1ms) [Parameters=[@normalizedEmail='?' (Size = 256)], CommandType='Text', CommandTimeout='30']
      SELECT TOP(2) [a].[Id], [a].[AccessFailedCount], [a].[ConcurrencyStamp], [a].[CountryId], [a].[DisplayName], [a].[Email], [a].[EmailConfirmed], [a].[IsActive], [a].[LockoutEnabled], [a].[LockoutEnd], [a].[NormalizedEmail], [a].[NormalizedUserName], [a].[PasswordHash], [a].[PhoneNumber], [a].[PhoneNumberConfirmed], [a].[SecurityStamp], [a].[SiteId], [a].[TerritoryId], [a].[TwoFactorEnabled], [a].[UserName]
      FROM [AspNetUsers] AS [a]
      WHERE [a].[NormalizedEmail] = @normalizedEmail
info: Microsoft.EntityFrameworkCore.Database.Command[20101]
      Executed DbCommand (1ms) [Parameters=[@normalizedEmail='?' (Size = 256)], CommandType='Text', CommandTimeout='30']
      SELECT TOP(2) [a].[Id], [a].[AccessFailedCount], [a].[ConcurrencyStamp], [a].[CountryId], [a].[DisplayName], [a].[Email], [a].[EmailConfirmed], [a].[IsActive], [a].[LockoutEnabled], [a].[LockoutEnd], [a].[NormalizedEmail], [a].[NormalizedUserName], [a].[PasswordHash], [a].[PhoneNumber], [a].[PhoneNumberConfirmed], [a].[SecurityStamp], [a].[SiteId], [a].[TerritoryId], [a].[TwoFactorEnabled], [a].[UserName]
      FROM [AspNetUsers] AS [a]
      WHERE [a].[NormalizedEmail] = @normalizedEmail
info: Microsoft.EntityFrameworkCore.Database.Command[20101]
      Executed DbCommand (1ms) [Parameters=[@normalizedEmail='?' (Size = 256)], CommandType='Text', CommandTimeout='30']
      SELECT TOP(2) [a].[Id], [a].[AccessFailedCount], [a].[ConcurrencyStamp], [a].[CountryId], [a].[DisplayName], [a].[Email], [a].[EmailConfirmed], [a].[IsActive], [a].[LockoutEnabled], [a].[LockoutEnd], [a].[NormalizedEmail], [a].[NormalizedUserName], [a].[PasswordHash], [a].[PhoneNumber], [a].[PhoneNumberConfirmed], [a].[SecurityStamp], [a].[SiteId], [a].[TerritoryId], [a].[TwoFactorEnabled], [a].[UserName]
      FROM [AspNetUsers] AS [a]
      WHERE [a].[NormalizedEmail] = @normalizedEmail
info: Microsoft.EntityFrameworkCore.Database.Command[20101]
      Executed DbCommand (1ms) [Parameters=[@normalizedEmail='?' (Size = 256)], CommandType='Text', CommandTimeout='30']
      SELECT TOP(2) [a].[Id], [a].[AccessFailedCount], [a].[ConcurrencyStamp], [a].[CountryId], [a].[DisplayName], [a].[Email], [a].[EmailConfirmed], [a].[IsActive], [a].[LockoutEnabled], [a].[LockoutEnd], [a].[NormalizedEmail], [a].[NormalizedUserName], [a].[PasswordHash], [a].[PhoneNumber], [a].[PhoneNumberConfirmed], [a].[SecurityStamp], [a].[SiteId], [a].[TerritoryId], [a].[TwoFactorEnabled], [a].[UserName]
      FROM [AspNetUsers] AS [a]
      WHERE [a].[NormalizedEmail] = @normalizedEmail
info: Microsoft.EntityFrameworkCore.Database.Command[20101]
      Executed DbCommand (1ms) [Parameters=[@normalizedEmail='?' (Size = 256)], CommandType='Text', CommandTimeout='30']
      SELECT TOP(2) [a].[Id], [a].[AccessFailedCount], [a].[ConcurrencyStamp], [a].[CountryId], [a].[DisplayName], [a].[Email], [a].[EmailConfirmed], [a].[IsActive], [a].[LockoutEnabled], [a].[LockoutEnd], [a].[NormalizedEmail], [a].[NormalizedUserName], [a].[PasswordHash], [a].[PhoneNumber], [a].[PhoneNumberConfirmed], [a].[SecurityStamp], [a].[SiteId], [a].[TerritoryId], [a].[TwoFactorEnabled], [a].[UserName]
      FROM [AspNetUsers] AS [a]
      WHERE [a].[NormalizedEmail] = @normalizedEmail
info: Microsoft.EntityFrameworkCore.Database.Command[20101]
      Executed DbCommand (1ms) [Parameters=[@normalizedEmail='?' (Size = 256)], CommandType='Text', CommandTimeout='30']
      SELECT TOP(2) [a].[Id], [a].[AccessFailedCount], [a].[ConcurrencyStamp], [a].[CountryId], [a].[DisplayName], [a].[Email], [a].[EmailConfirmed], [a].[IsActive], [a].[LockoutEnabled], [a].[LockoutEnd], [a].[NormalizedEmail], [a].[NormalizedUserName], [a].[PasswordHash], [a].[PhoneNumber], [a].[PhoneNumberConfirmed], [a].[SecurityStamp], [a].[SiteId], [a].[TerritoryId], [a].[TwoFactorEnabled], [a].[UserName]
      FROM [AspNetUsers] AS [a]
      WHERE [a].[NormalizedEmail] = @normalizedEmail
info: Microsoft.EntityFrameworkCore.Database.Command[20101]
      Executed DbCommand (1ms) [Parameters=[@normalizedEmail='?' (Size = 256)], CommandType='Text', CommandTimeout='30']
      SELECT TOP(2) [a].[Id], [a].[AccessFailedCount], [a].[ConcurrencyStamp], [a].[CountryId], [a].[DisplayName], [a].[Email], [a].[EmailConfirmed], [a].[IsActive], [a].[LockoutEnabled], [a].[LockoutEnd], [a].[NormalizedEmail], [a].[NormalizedUserName], [a].[PasswordHash], [a].[PhoneNumber], [a].[PhoneNumberConfirmed], [a].[SecurityStamp], [a].[SiteId], [a].[TerritoryId], [a].[TwoFactorEnabled], [a].[UserName]
      FROM [AspNetUsers] AS [a]
      WHERE [a].[NormalizedEmail] = @normalizedEmail
info: Microsoft.EntityFrameworkCore.Database.Command[20101]
      Executed DbCommand (1ms) [Parameters=[@normalizedEmail='?' (Size = 256)], CommandType='Text', CommandTimeout='30']
      SELECT TOP(2) [a].[Id], [a].[AccessFailedCount], [a].[ConcurrencyStamp], [a].[CountryId], [a].[DisplayName], [a].[Email], [a].[EmailConfirmed], [a].[IsActive], [a].[LockoutEnabled], [a].[LockoutEnd], [a].[NormalizedEmail], [a].[NormalizedUserName], [a].[PasswordHash], [a].[PhoneNumber], [a].[PhoneNumberConfirmed], [a].[SecurityStamp], [a].[SiteId], [a].[TerritoryId], [a].[TwoFactorEnabled], [a].[UserName]
      FROM [AspNetUsers] AS [a]
      WHERE [a].[NormalizedEmail] = @normalizedEmail
info: Microsoft.EntityFrameworkCore.Database.Command[20101]
      Executed DbCommand (1ms) [Parameters=[@normalizedEmail='?' (Size = 256)], CommandType='Text', CommandTimeout='30']
      SELECT TOP(2) [a].[Id], [a].[AccessFailedCount], [a].[ConcurrencyStamp], [a].[CountryId], [a].[DisplayName], [a].[Email], [a].[EmailConfirmed], [a].[IsActive], [a].[LockoutEnabled], [a].[LockoutEnd], [a].[NormalizedEmail], [a].[NormalizedUserName], [a].[PasswordHash], [a].[PhoneNumber], [a].[PhoneNumberConfirmed], [a].[SecurityStamp], [a].[SiteId], [a].[TerritoryId], [a].[TwoFactorEnabled], [a].[UserName]
      FROM [AspNetUsers] AS [a]
      WHERE [a].[NormalizedEmail] = @normalizedEmail
info: Microsoft.EntityFrameworkCore.Database.Command[20101]
      Executed DbCommand (1ms) [Parameters=[@normalizedEmail='?' (Size = 256)], CommandType='Text', CommandTimeout='30']
      SELECT TOP(2) [a].[Id], [a].[AccessFailedCount], [a].[ConcurrencyStamp], [a].[CountryId], [a].[DisplayName], [a].[Email], [a].[EmailConfirmed], [a].[IsActive], [a].[LockoutEnabled], [a].[LockoutEnd], [a].[NormalizedEmail], [a].[NormalizedUserName], [a].[PasswordHash], [a].[PhoneNumber], [a].[PhoneNumberConfirmed], [a].[SecurityStamp], [a].[SiteId], [a].[TerritoryId], [a].[TwoFactorEnabled], [a].[UserName]
      FROM [AspNetUsers] AS [a]
      WHERE [a].[NormalizedEmail] = @normalizedEmail
info: Microsoft.EntityFrameworkCore.Database.Command[20101]
      Executed DbCommand (1ms) [Parameters=[@normalizedEmail='?' (Size = 256)], CommandType='Text', CommandTimeout='30']
      SELECT TOP(2) [a].[Id], [a].[AccessFailedCount], [a].[ConcurrencyStamp], [a].[CountryId], [a].[DisplayName], [a].[Email], [a].[EmailConfirmed], [a].[IsActive], [a].[LockoutEnabled], [a].[LockoutEnd], [a].[NormalizedEmail], [a].[NormalizedUserName], [a].[PasswordHash], [a].[PhoneNumber], [a].[PhoneNumberConfirmed], [a].[SecurityStamp], [a].[SiteId], [a].[TerritoryId], [a].[TwoFactorEnabled], [a].[UserName]
      FROM [AspNetUsers] AS [a]
      WHERE [a].[NormalizedEmail] = @normalizedEmail
info: Microsoft.EntityFrameworkCore.Database.Command[20101]
      Executed DbCommand (1ms) [Parameters=[@normalizedEmail='?' (Size = 256)], CommandType='Text', CommandTimeout='30']
      SELECT TOP(2) [a].[Id], [a].[AccessFailedCount], [a].[ConcurrencyStamp], [a].[CountryId], [a].[DisplayName], [a].[Email], [a].[EmailConfirmed], [a].[IsActive], [a].[LockoutEnabled], [a].[LockoutEnd], [a].[NormalizedEmail], [a].[NormalizedUserName], [a].[PasswordHash], [a].[PhoneNumber], [a].[PhoneNumberConfirmed], [a].[SecurityStamp], [a].[SiteId], [a].[TerritoryId], [a].[TwoFactorEnabled], [a].[UserName]
      FROM [AspNetUsers] AS [a]
      WHERE [a].[NormalizedEmail] = @normalizedEmail
info: Microsoft.EntityFrameworkCore.Database.Command[20101]
      Executed DbCommand (1ms) [Parameters=[@normalizedEmail='?' (Size = 256)], CommandType='Text', CommandTimeout='30']
      SELECT TOP(2) [a].[Id], [a].[AccessFailedCount], [a].[ConcurrencyStamp], [a].[CountryId], [a].[DisplayName], [a].[Email], [a].[EmailConfirmed], [a].[IsActive], [a].[LockoutEnabled], [a].[LockoutEnd], [a].[NormalizedEmail], [a].[NormalizedUserName], [a].[PasswordHash], [a].[PhoneNumber], [a].[PhoneNumberConfirmed], [a].[SecurityStamp], [a].[SiteId], [a].[TerritoryId], [a].[TwoFactorEnabled], [a].[UserName]
      FROM [AspNetUsers] AS [a]
      WHERE [a].[NormalizedEmail] = @normalizedEmail
info: Microsoft.EntityFrameworkCore.Database.Command[20101]
      Executed DbCommand (1ms) [Parameters=[@normalizedEmail='?' (Size = 256)], CommandType='Text', CommandTimeout='30']
      SELECT TOP(2) [a].[Id], [a].[AccessFailedCount], [a].[ConcurrencyStamp], [a].[CountryId], [a].[DisplayName], [a].[Email], [a].[EmailConfirmed], [a].[IsActive], [a].[LockoutEnabled], [a].[LockoutEnd], [a].[NormalizedEmail], [a].[NormalizedUserName], [a].[PasswordHash], [a].[PhoneNumber], [a].[PhoneNumberConfirmed], [a].[SecurityStamp], [a].[SiteId], [a].[TerritoryId], [a].[TwoFactorEnabled], [a].[UserName]
      FROM [AspNetUsers] AS [a]
      WHERE [a].[NormalizedEmail] = @normalizedEmail
info: Microsoft.EntityFrameworkCore.Database.Command[20101]
      Executed DbCommand (1ms) [Parameters=[@normalizedEmail='?' (Size = 256)], CommandType='Text', CommandTimeout='30']
      SELECT TOP(2) [a].[Id], [a].[AccessFailedCount], [a].[ConcurrencyStamp], [a].[CountryId], [a].[DisplayName], [a].[Email], [a].[EmailConfirmed], [a].[IsActive], [a].[LockoutEnabled], [a].[LockoutEnd], [a].[NormalizedEmail], [a].[NormalizedUserName], [a].[PasswordHash], [a].[PhoneNumber], [a].[PhoneNumberConfirmed], [a].[SecurityStamp], [a].[SiteId], [a].[TerritoryId], [a].[TwoFactorEnabled], [a].[UserName]
      FROM [AspNetUsers] AS [a]
      WHERE [a].[NormalizedEmail] = @normalizedEmail
info: Microsoft.EntityFrameworkCore.Database.Command[20101]
      Executed DbCommand (1ms) [Parameters=[@normalizedEmail='?' (Size = 256)], CommandType='Text', CommandTimeout='30']
      SELECT TOP(2) [a].[Id], [a].[AccessFailedCount], [a].[ConcurrencyStamp], [a].[CountryId], [a].[DisplayName], [a].[Email], [a].[EmailConfirmed], [a].[IsActive], [a].[LockoutEnabled], [a].[LockoutEnd], [a].[NormalizedEmail], [a].[NormalizedUserName], [a].[PasswordHash], [a].[PhoneNumber], [a].[PhoneNumberConfirmed], [a].[SecurityStamp], [a].[SiteId], [a].[TerritoryId], [a].[TwoFactorEnabled], [a].[UserName]
      FROM [AspNetUsers] AS [a]
      WHERE [a].[NormalizedEmail] = @normalizedEmail
info: Microsoft.EntityFrameworkCore.Database.Command[20101]
      Executed DbCommand (1ms) [Parameters=[@normalizedEmail='?' (Size = 256)], CommandType='Text', CommandTimeout='30']
      SELECT TOP(2) [a].[Id], [a].[AccessFailedCount], [a].[ConcurrencyStamp], [a].[CountryId], [a].[DisplayName], [a].[Email], [a].[EmailConfirmed], [a].[IsActive], [a].[LockoutEnabled], [a].[LockoutEnd], [a].[NormalizedEmail], [a].[NormalizedUserName], [a].[PasswordHash], [a].[PhoneNumber], [a].[PhoneNumberConfirmed], [a].[SecurityStamp], [a].[SiteId], [a].[TerritoryId], [a].[TwoFactorEnabled], [a].[UserName]
      FROM [AspNetUsers] AS [a]
      WHERE [a].[NormalizedEmail] = @normalizedEmail
info: Microsoft.EntityFrameworkCore.Database.Command[20101]
      Executed DbCommand (1ms) [Parameters=[@normalizedEmail='?' (Size = 256)], CommandType='Text', CommandTimeout='30']
      SELECT TOP(2) [a].[Id], [a].[AccessFailedCount], [a].[ConcurrencyStamp], [a].[CountryId], [a].[DisplayName], [a].[Email], [a].[EmailConfirmed], [a].[IsActive], [a].[LockoutEnabled], [a].[LockoutEnd], [a].[NormalizedEmail], [a].[NormalizedUserName], [a].[PasswordHash], [a].[PhoneNumber], [a].[PhoneNumberConfirmed], [a].[SecurityStamp], [a].[SiteId], [a].[TerritoryId], [a].[TwoFactorEnabled], [a].[UserName]
      FROM [AspNetUsers] AS [a]
      WHERE [a].[NormalizedEmail] = @normalizedEmail
info: Microsoft.EntityFrameworkCore.Database.Command[20101]
      Executed DbCommand (3ms) [Parameters=[], CommandType='Text', CommandTimeout='30']
      SELECT CASE
          WHEN EXISTS (
              SELECT 1
              FROM [TrainingRequests] AS [t]) THEN CAST(1 AS bit)
          ELSE CAST(0 AS bit)
      END
info: Microsoft.EntityFrameworkCore.Database.Command[20101]
      Executed DbCommand (4ms) [Parameters=[], CommandType='Text', CommandTimeout='30']
      SELECT [a].[Id], [a].[AccessFailedCount], [a].[ConcurrencyStamp], [a].[CountryId], [a].[DisplayName], [a].[Email], [a].[EmailConfirmed], [a].[IsActive], [a].[LockoutEnabled], [a].[LockoutEnd], [a].[NormalizedEmail], [a].[NormalizedUserName], [a].[PasswordHash], [a].[PhoneNumber], [a].[PhoneNumberConfirmed], [a].[SecurityStamp], [a].[SiteId], [a].[TerritoryId], [a].[TwoFactorEnabled], [a].[UserName]
      FROM [AspNetUsers] AS [a]
      WHERE [a].[Email] LIKE N'staff.%'
info: Microsoft.EntityFrameworkCore.Database.Command[20101]
      Executed DbCommand (42ms) [Parameters=[@p0='?' (DbType = DateTimeOffset), @p1='?' (Size = 2000), @p2='?' (Size = 4000), @p3='?' (Size = 30), @p4='?' (Size = 450), @p5='?' (DbType = Int32), @p6='?' (Size = 4000), @p7='?' (Size = 180), @p8='?' (Size = 4000), @p9='?' (DbType = DateTimeOffset), @p10='?' (Size = 2000), @p11='?' (Size = 4000), @p12='?' (Size = 30), @p13='?' (Size = 450), @p14='?' (DbType = Int32), @p15='?' (Size = 4000), @p16='?' (Size = 180), @p17='?' (Size = 4000), @p18='?' (DbType = DateTimeOffset), @p19='?' (Size = 2000), @p20='?' (Size = 4000), @p21='?' (Size = 30), @p22='?' (Size = 450), @p23='?' (DbType = Int32), @p24='?' (Size = 4000), @p25='?' (Size = 180), @p26='?' (Size = 4000), @p27='?' (DbType = DateTimeOffset), @p28='?' (Size = 2000), @p29='?' (Size = 4000), @p30='?' (Size = 30), @p31='?' (Size = 450), @p32='?' (DbType = Int32), @p33='?' (Size = 4000), @p34='?' (Size = 180), @p35='?' (Size = 4000), @p36='?' (DbType = DateTimeOffset), @p37='?' (Size = 2000), @p38='?' (Size = 4000), @p39='?' (Size = 30), @p40='?' (Size = 450), @p41='?' (DbType = Int32), @p42='?' (Size = 4000), @p43='?' (Size = 180), @p44='?' (Size = 4000), @p45='?' (DbType = DateTimeOffset), @p46='?' (Size = 2000), @p47='?' (Size = 4000), @p48='?' (Size = 30), @p49='?' (Size = 450), @p50='?' (DbType = Int32), @p51='?' (Size = 4000), @p52='?' (Size = 180), @p53='?' (Size = 4000), @p54='?' (DbType = DateTimeOffset), @p55='?' (Size = 2000), @p56='?' (Size = 4000), @p57='?' (Size = 30), @p58='?' (Size = 450), @p59='?' (DbType = Int32), @p60='?' (Size = 4000), @p61='?' (Size = 180), @p62='?' (Size = 4000), @p63='?' (DbType = DateTimeOffset), @p64='?' (Size = 2000), @p65='?' (Size = 4000), @p66='?' (Size = 30), @p67='?' (Size = 450), @p68='?' (DbType = Int32), @p69='?' (Size = 4000), @p70='?' (Size = 180), @p71='?' (Size = 4000), @p72='?' (DbType = DateTimeOffset), @p73='?' (Size = 2000), @p74='?' (Size = 4000), @p75='?' (Size = 30), @p76='?' (Size = 450), @p77='?' (DbType = Int32), @p78='?' (Size = 4000), @p79='?' (Size = 180), @p80='?' (Size = 4000), @p81='?' (DbType = DateTimeOffset), @p82='?' (Size = 2000), @p83='?' (Size = 4000), @p84='?' (Size = 30), @p85='?' (Size = 450), @p86='?' (DbType = Int32), @p87='?' (Size = 4000), @p88='?' (Size = 180), @p89='?' (Size = 4000), @p90='?' (DbType = DateTimeOffset), @p91='?' (Size = 2000), @p92='?' (Size = 4000), @p93='?' (Size = 30), @p94='?' (Size = 450), @p95='?' (DbType = Int32), @p96='?' (Size = 4000), @p97='?' (Size = 180), @p98='?' (Size = 4000), @p99='?' (DbType = DateTimeOffset), @p100='?' (Size = 2000), @p101='?' (Size = 4000), @p102='?' (Size = 30), @p103='?' (Size = 450), @p104='?' (DbType = Int32), @p105='?' (Size = 4000), @p106='?' (Size = 180), @p107='?' (Size = 4000), @p108='?' (DbType = DateTimeOffset), @p109='?' (Size = 2000), @p110='?' (Size = 4000), @p111='?' (Size = 30), @p112='?' (Size = 450), @p113='?' (DbType = Int32), @p114='?' (Size = 4000), @p115='?' (Size = 180), @p116='?' (Size = 4000), @p117='?' (DbType = DateTimeOffset), @p118='?' (Size = 2000), @p119='?' (Size = 4000), @p120='?' (Size = 30), @p121='?' (Size = 450), @p122='?' (DbType = Int32), @p123='?' (Size = 4000), @p124='?' (Size = 180), @p125='?' (Size = 4000), @p126='?' (DbType = DateTimeOffset), @p127='?' (Size = 2000), @p128='?' (Size = 4000), @p129='?' (Size = 30), @p130='?' (Size = 450), @p131='?' (DbType = Int32), @p132='?' (Size = 4000), @p133='?' (Size = 180), @p134='?' (Size = 4000), @p135='?' (DbType = DateTimeOffset), @p136='?' (Size = 2000), @p137='?' (Size = 4000), @p138='?' (Size = 30), @p139='?' (Size = 450), @p140='?' (DbType = Int32), @p141='?' (Size = 4000), @p142='?' (Size = 180), @p143='?' (Size = 4000)], CommandType='Text', CommandTimeout='30']
      SET IMPLICIT_TRANSACTIONS OFF;
      SET NOCOUNT ON;
      MERGE [TrainingRequests] USING (
      VALUES (@p0, @p1, @p2, @p3, @p4, @p5, @p6, @p7, @p8, 0),
      (@p9, @p10, @p11, @p12, @p13, @p14, @p15, @p16, @p17, 1),
      (@p18, @p19, @p20, @p21, @p22, @p23, @p24, @p25, @p26, 2),
      (@p27, @p28, @p29, @p30, @p31, @p32, @p33, @p34, @p35, 3),
      (@p36, @p37, @p38, @p39, @p40, @p41, @p42, @p43, @p44, 4),
      (@p45, @p46, @p47, @p48, @p49, @p50, @p51, @p52, @p53, 5),
      (@p54, @p55, @p56, @p57, @p58, @p59, @p60, @p61, @p62, 6),
      (@p63, @p64, @p65, @p66, @p67, @p68, @p69, @p70, @p71, 7),
      (@p72, @p73, @p74, @p75, @p76, @p77, @p78, @p79, @p80, 8),
      (@p81, @p82, @p83, @p84, @p85, @p86, @p87, @p88, @p89, 9),
      (@p90, @p91, @p92, @p93, @p94, @p95, @p96, @p97, @p98, 10),
      (@p99, @p100, @p101, @p102, @p103, @p104, @p105, @p106, @p107, 11),
      (@p108, @p109, @p110, @p111, @p112, @p113, @p114, @p115, @p116, 12),
      (@p117, @p118, @p119, @p120, @p121, @p122, @p123, @p124, @p125, 13),
      (@p126, @p127, @p128, @p129, @p130, @p131, @p132, @p133, @p134, 14),
      (@p135, @p136, @p137, @p138, @p139, @p140, @p141, @p142, @p143, 15)) AS i ([CreatedAt], [Description], [Priority], [RequestNumber], [RequestedById], [SiteId], [Status], [Title], [Type], _Position) ON 1=0
      WHEN NOT MATCHED THEN
      INSERT ([CreatedAt], [Description], [Priority], [RequestNumber], [RequestedById], [SiteId], [Status], [Title], [Type])
      VALUES (i.[CreatedAt], i.[Description], i.[Priority], i.[RequestNumber], i.[RequestedById], i.[SiteId], i.[Status], i.[Title], i.[Type])
      OUTPUT INSERTED.[Id], INSERTED.[RowVersion], i._Position;
info: Microsoft.EntityFrameworkCore.Database.Command[20101]
      Executed DbCommand (35ms) [Parameters=[@p144='?' (Size = 80), @p145='?' (Size = 4000), @p146='?' (Size = 120), @p147='?' (Size = 4000), @p148='?' (Size = 2000), @p149='?' (DbType = DateTimeOffset), @p150='?' (Size = 4000), @p151='?' (DbType = Int32), @p152='?' (Size = 80), @p153='?' (Size = 4000), @p154='?' (Size = 120), @p155='?' (Size = 4000), @p156='?' (Size = 2000), @p157='?' (DbType = DateTimeOffset), @p158='?' (Size = 4000), @p159='?' (DbType = Int32), @p160='?' (Size = 80), @p161='?' (Size = 4000), @p162='?' (Size = 120), @p163='?' (Size = 4000), @p164='?' (Size = 2000), @p165='?' (DbType = DateTimeOffset), @p166='?' (Size = 4000), @p167='?' (DbType = Int32), @p168='?' (Size = 80), @p169='?' (Size = 4000), @p170='?' (Size = 120), @p171='?' (Size = 4000), @p172='?' (Size = 2000), @p173='?' (DbType = DateTimeOffset), @p174='?' (Size = 4000), @p175='?' (DbType = Int32), @p176='?' (Size = 80), @p177='?' (Size = 4000), @p178='?' (Size = 120), @p179='?' (Size = 4000), @p180='?' (Size = 2000), @p181='?' (DbType = DateTimeOffset), @p182='?' (Size = 4000), @p183='?' (DbType = Int32), @p184='?' (Size = 80), @p185='?' (Size = 4000), @p186='?' (Size = 120), @p187='?' (Size = 4000), @p188='?' (Size = 2000), @p189='?' (DbType = DateTimeOffset), @p190='?' (Size = 4000), @p191='?' (DbType = Int32), @p192='?' (Size = 80), @p193='?' (Size = 4000), @p194='?' (Size = 120), @p195='?' (Size = 4000), @p196='?' (Size = 2000), @p197='?' (DbType = DateTimeOffset), @p198='?' (Size = 4000), @p199='?' (DbType = Int32), @p200='?' (Size = 80), @p201='?' (Size = 4000), @p202='?' (Size = 120), @p203='?' (Size = 4000), @p204='?' (Size = 2000), @p205='?' (DbType = DateTimeOffset), @p206='?' (Size = 4000), @p207='?' (DbType = Int32), @p208='?' (Size = 80), @p209='?' (Size = 4000), @p210='?' (Size = 120), @p211='?' (Size = 4000), @p212='?' (Size = 2000), @p213='?' (DbType = DateTimeOffset), @p214='?' (Size = 4000), @p215='?' (DbType = Int32), @p216='?' (Size = 80), @p217='?' (Size = 4000), @p218='?' (Size = 120), @p219='?' (Size = 4000), @p220='?' (Size = 2000), @p221='?' (DbType = DateTimeOffset), @p222='?' (Size = 4000), @p223='?' (DbType = Int32), @p224='?' (Size = 80), @p225='?' (Size = 4000), @p226='?' (Size = 120), @p227='?' (Size = 4000), @p228='?' (Size = 2000), @p229='?' (DbType = DateTimeOffset), @p230='?' (Size = 4000), @p231='?' (DbType = Int32), @p232='?' (Size = 80), @p233='?' (Size = 4000), @p234='?' (Size = 120), @p235='?' (Size = 4000), @p236='?' (Size = 2000), @p237='?' (DbType = DateTimeOffset), @p238='?' (Size = 4000), @p239='?' (DbType = Int32), @p240='?' (Size = 80), @p241='?' (Size = 4000), @p242='?' (Size = 120), @p243='?' (Size = 4000), @p244='?' (Size = 2000), @p245='?' (DbType = DateTimeOffset), @p246='?' (Size = 4000), @p247='?' (DbType = Int32), @p248='?' (Size = 80), @p249='?' (Size = 4000), @p250='?' (Size = 120), @p251='?' (Size = 4000), @p252='?' (Size = 2000), @p253='?' (DbType = DateTimeOffset), @p254='?' (Size = 4000), @p255='?' (DbType = Int32), @p256='?' (Size = 80), @p257='?' (Size = 4000), @p258='?' (Size = 120), @p259='?' (Size = 4000), @p260='?' (Size = 2000), @p261='?' (DbType = DateTimeOffset), @p262='?' (Size = 4000), @p263='?' (DbType = Int32), @p264='?' (Size = 80), @p265='?' (Size = 4000), @p266='?' (Size = 120), @p267='?' (Size = 4000), @p268='?' (Size = 2000), @p269='?' (DbType = DateTimeOffset), @p270='?' (Size = 4000), @p271='?' (DbType = Int32)], CommandType='Text', CommandTimeout='30']
      SET IMPLICIT_TRANSACTIONS OFF;
      SET NOCOUNT ON;
      MERGE [AuditEvents] USING (
      VALUES (@p144, @p145, @p146, @p147, @p148, @p149, @p150, @p151, 0),
      (@p152, @p153, @p154, @p155, @p156, @p157, @p158, @p159, 1),
      (@p160, @p161, @p162, @p163, @p164, @p165, @p166, @p167, 2),
      (@p168, @p169, @p170, @p171, @p172, @p173, @p174, @p175, 3),
      (@p176, @p177, @p178, @p179, @p180, @p181, @p182, @p183, 4),
      (@p184, @p185, @p186, @p187, @p188, @p189, @p190, @p191, 5),
      (@p192, @p193, @p194, @p195, @p196, @p197, @p198, @p199, 6),
      (@p200, @p201, @p202, @p203, @p204, @p205, @p206, @p207, 7),
      (@p208, @p209, @p210, @p211, @p212, @p213, @p214, @p215, 8),
      (@p216, @p217, @p218, @p219, @p220, @p221, @p222, @p223, 9),
      (@p224, @p225, @p226, @p227, @p228, @p229, @p230, @p231, 10),
      (@p232, @p233, @p234, @p235, @p236, @p237, @p238, @p239, 11),
      (@p240, @p241, @p242, @p243, @p244, @p245, @p246, @p247, 12),
      (@p248, @p249, @p250, @p251, @p252, @p253, @p254, @p255, 13),
      (@p256, @p257, @p258, @p259, @p260, @p261, @p262, @p263, 14),
      (@p264, @p265, @p266, @p267, @p268, @p269, @p270, @p271, 15)) AS i ([Action], [ActorId], [ActorName], [NewStatus], [Note], [OccurredAt], [PreviousStatus], [TrainingRequestId], _Position) ON 1=0
      WHEN NOT MATCHED THEN
      INSERT ([Action], [ActorId], [ActorName], [NewStatus], [Note], [OccurredAt], [PreviousStatus], [TrainingRequestId])
      VALUES (i.[Action], i.[ActorId], i.[ActorName], i.[NewStatus], i.[Note], i.[OccurredAt], i.[PreviousStatus], i.[TrainingRequestId])
      OUTPUT INSERTED.[Id], i._Position;
info: Microsoft.Hosting.Lifetime[14]
      Now listening on: http://localhost:5000
info: Microsoft.Hosting.Lifetime[0]
      Application started. Press Ctrl+C to shut down.
info: Microsoft.Hosting.Lifetime[0]
      Hosting environment: Development
info: Microsoft.Hosting.Lifetime[0]
      Content root path: C:\Test\src\OperationsRequests
